2024-03-21T10:00:00.000Z [INFO] Triggered by push to main branch
2024-03-21T10:00:00.123Z [INFO] Workflow: CI/CD Pipeline | Run #1842
2024-03-21T10:00:00.200Z [INFO] ──────────────────────────────────────────
2024-03-21T10:00:00.300Z [STEP] Setting up job: build-and-test
2024-03-21T10:00:00.400Z [INFO] Current runner version: 'v2.313.0'
2024-03-21T10:00:00.500Z [INFO] Operating System: Ubuntu 22.04.4 LTS
2024-03-21T10:00:00.600Z [INFO] Runner Image: ubuntu-22.04
2024-03-21T10:00:00.800Z [INFO] GITHUB_TOKEN Permissions: contents:read, actions:read
2024-03-21T10:00:01.000Z [INFO] ──────────────────────────────────────────
2024-03-21T10:00:01.100Z [STEP] Checkout repository
2024-03-21T10:00:01.200Z [INFO] Syncing repository: octocat/hello-world
2024-03-21T10:00:01.400Z [INFO] Getting Git version info
2024-03-21T10:00:01.500Z [INFO] Initializing the repository
2024-03-21T10:00:01.700Z [INFO] Disabling automatic garbage collection
2024-03-21T10:00:01.800Z [INFO] Setting up auth
2024-03-21T10:00:02.000Z [INFO] Fetching the repository
2024-03-21T10:00:02.400Z [INFO] remote: Enumerating objects: 124, done.
2024-03-21T10:00:02.600Z [INFO] remote: Counting objects: 100% (124/124), done.
2024-03-21T10:00:02.800Z [INFO] remote: Compressing objects: 100% (88/88), done.
2024-03-21T10:00:03.000Z [INFO] Receiving objects: 100% (124/124), 1.23 MiB | 10.5 MiB/s, done.
2024-03-21T10:00:03.400Z [SUCCESS] Checkout complete. HEAD is at abc1234
2024-03-21T10:00:03.500Z [INFO] ──────────────────────────────────────────
2024-03-21T10:00:03.600Z [STEP] Setup Node.js 20
2024-03-21T10:00:03.800Z [INFO] node-dist-index: Found in tool-cache for v20.x
2024-03-21T10:00:04.000Z [INFO] Resolved: node 20.11.1 (x64)
2024-03-21T10:00:04.600Z [SUCCESS] Node.js 20.11.1 setup complete
2024-03-21T10:00:04.700Z [INFO] ──────────────────────────────────────────
2024-03-21T10:00:04.800Z [STEP] Cache dependencies
2024-03-21T10:00:05.000Z [INFO] Cache key: Linux-npm-abc123def456
2024-03-21T10:00:05.200Z [INFO] Checking for cache hit...
2024-03-21T10:00:05.400Z [INFO] Cache restored from key: Linux-npm-abc123def456
2024-03-21T10:00:05.600Z [SUCCESS] Restored from cache in 0.8s
2024-03-21T10:00:05.700Z [INFO] ──────────────────────────────────────────
2024-03-21T10:00:05.800Z [STEP] Install dependencies
2024-03-21T10:00:06.000Z [INFO] Running: npm ci
2024-03-21T10:00:06.500Z [INFO] added 847 packages, and audited 848 packages in 12s
2024-03-21T10:00:07.100Z [WARNING] found 2 low severity vulnerabilities
2024-03-21T10:00:07.300Z [SUCCESS] Dependencies installed successfully
2024-03-21T10:00:07.400Z [INFO] ──────────────────────────────────────────
2024-03-21T10:00:07.500Z [STEP] Run linter
2024-03-21T10:00:07.700Z [INFO] Running: npm run lint
2024-03-21T10:00:08.000Z [INFO] > hello-world@1.0.0 lint
2024-03-21T10:00:08.200Z [INFO] > eslint src --ext .js,.ts
2024-03-21T10:00:08.500Z [INFO] Checking: src/index.ts
2024-03-21T10:00:08.700Z [INFO] Checking: src/utils.ts
2024-03-21T10:00:08.900Z [INFO] Checking: src/api.ts
2024-03-21T10:00:09.100Z [SUCCESS] Linting passed. No issues found.
2024-03-21T10:00:09.200Z [INFO] ──────────────────────────────────────────
2024-03-21T10:00:09.300Z [STEP] Run tests
2024-03-21T10:00:09.500Z [INFO] Running: npm test
2024-03-21T10:00:09.700Z [INFO] > hello-world@1.0.0 test
2024-03-21T10:00:09.900Z [INFO] > jest --coverage --ci
2024-03-21T10:00:10.200Z [INFO] PASS  src/__tests__/utils.test.ts
2024-03-21T10:00:10.400Z [INFO] PASS  src/__tests__/api.test.ts
2024-03-21T10:00:10.600Z [INFO] PASS  src/__tests__/index.test.ts
2024-03-21T10:00:11.000Z [INFO]   ● Tests: 47 passed, 47 total
2024-03-21T10:00:11.600Z [SUCCESS] All tests passed!
2024-03-21T10:00:11.700Z [INFO] ──────────────────────────────────────────
2024-03-21T10:00:11.800Z [STEP] Build project
2024-03-21T10:00:12.000Z [INFO] Running: npm run build
2024-03-21T10:00:12.200Z [INFO] > hello-world@1.0.0 build
2024-03-21T10:00:12.600Z [INFO] > tsc --build
2024-03-21T10:00:13.200Z [INFO] Emitting: dist/index.js
2024-03-21T10:00:13.400Z [INFO] Emitting: dist/utils.js
2024-03-21T10:00:13.600Z [INFO] Emitting: dist/api.js
2024-03-21T10:00:13.800Z [SUCCESS] Build complete. Output in ./dist
2024-03-21T10:00:13.900Z [INFO] ──────────────────────────────────────────
2024-03-21T10:00:14.000Z [STEP] Upload build artifacts
2024-03-21T10:00:14.200Z [INFO] Uploading: dist/
2024-03-21T10:00:14.800Z [INFO] Total size: 48.6 KB
2024-03-21T10:00:15.100Z [SUCCESS] Artifacts uploaded successfully
2024-03-21T10:00:15.200Z [INFO] ──────────────────────────────────────────
2024-03-21T10:00:15.300Z [STEP] Deploy to staging
2024-03-21T10:00:15.500Z [INFO] Environment: staging
2024-03-21T10:00:15.700Z [INFO] Deploying to: https://staging.hello-world.example.com
2024-03-21T10:00:16.300Z [INFO] Health check 1/3: OK
2024-03-21T10:00:16.600Z [INFO] Health check 2/3: OK
2024-03-21T10:00:16.900Z [INFO] Health check 3/3: OK
2024-03-21T10:00:17.200Z [SUCCESS] Deployment successful! Version: 1.2.4-staging
2024-03-21T10:00:17.300Z [INFO] ──────────────────────────────────────────
2024-03-21T10:00:17.400Z [INFO] Job summary: all steps completed successfully
2024-03-21T10:00:17.500Z [INFO] Duration: 17.5s | Billable time: 1 minute
2024-03-21T10:00:17.600Z [SUCCESS] Workflow completed successfully ✓
